14:24:05 **** Build of project dma_demo_wrapper ****
buildplatform.sh 37879 dma_demo_wrapper  
XSDB Server Channel: tcfchan#2
Cleaning the zynq_fsbl application.
rm -rf  pcap.o  nand.o  qspi.o  rsa.o  main.o  fsbl_hooks.o  md5.o  image_mover.o  ps7_init.o  nor.o  sd.o  fsbl_handoff.o  zyn
q_fsbl_bsp/ps7_cortexa9_0/lib/libxil.a fsbl.elf *.o

Building the zynq_fsbl application.
make: Entering directory '/home/rom41797/Documents/Project/CDMA_simple_polling_DDR/vitis/dma_demo_wrapper/zynq_fsbl/zynq_fsbl_b
sp'

make --no-print-directory seq_libs

Running Make include in ps7_cortexa9_0/libsrc/gpiops_v3_8/src

make -C ps7_cortexa9_0/libsrc/gpiops_v3_8/src -s include  "SHELL=/bin/sh" "COMPILER=arm-none-eabi-gcc" "ASSEMBLER=arm-none-eabi
-as" "ARCHIVER=arm-none-eabi-ar" "COMPILER_FLAGS=  -O2 -c" "EXTRA_COMPILER_FLAGS=-mcpu=cortex-a9 -mfpu=vfpv3 -mfloat-abi=hard -
nostartfiles -g -Wall -Wextra"

Running Make include in ps7_cortexa9_0/libsrc/xilffs_v4_4/src

make -C ps7_cortexa9_0/libsrc/xilffs_v4_4/src -s include  "SHELL=/bin/sh" "COMPILER=arm-none-eabi-gcc" "ASSEMBLER=arm-none-eabi
-as" "ARCHIVER=arm-none-eabi-ar" "COMPILER_FLAGS=  -O2 -c" "EXTRA_COMPILER_FLAGS=-mcpu=cortex-a9 -mfpu=vfpv3 -mfloat-abi=hard -
nostartfiles -g -Wall -Wextra"

Running Make include in ps7_cortexa9_0/libsrc/standalone_v7_3/src

make -C ps7_cortexa9_0/libsrc/standalone_v7_3/src -s include  "SHELL=/bin/sh" "COMPILER=arm-none-eabi-gcc" "ASSEMBLER=arm-none-
eabi-as" "ARCHIVER=arm-none-eabi-ar" "COMPILER_FLAGS=  -O2 -c" "EXTRA_COMPILER_FLAGS=-mcpu=cortex-a9 -mfpu=vfpv3 -mfloat-abi=ha
rd -nostartfiles -g -Wall -Wextra"

Running Make include in ps7_cortexa9_0/libsrc/emacps_v3_12/src

make -C ps7_cortexa9_0/libsrc/emacps_v3_12/src -s include  "SHELL=/bin/sh" "COMPILER=arm-none-eabi-gcc" "ASSEMBLER=arm-none-eab
i-as" "ARCHIVER=arm-none-eabi-ar" "COMPILER_FLAGS=  -O2 -c" "EXTRA_COMPILER_FLAGS=-mcpu=cortex-a9 -mfpu=vfpv3 -mfloat-abi=hard 
-nostartfiles -g -Wall -Wextra"

Running Make include in ps7_cortexa9_0/libsrc/usbps_v2_6/src

make -C ps7_cortexa9_0/libsrc/usbps_v2_6/src -s include  "SHELL=/bin/sh" "COMPILER=arm-none-eabi-gcc" "ASSEMBLER=arm-none-eabi-
as" "ARCHIVER=arm-none-eabi-ar" "COMPILER_FLAGS=  -O2 -c" "EXTRA_COMPILER_FLAGS=-mcpu=cortex-a9 -mfpu=vfpv3 -mfloat-abi=hard -n
ostartfiles -g -Wall -Wextra"

Running Make include in ps7_cortexa9_0/libsrc/cpu_cortexa9_v2_10/src

make -C ps7_cortexa9_0/libsrc/cpu_cortexa9_v2_10/src -s include  "SHELL=/bin/sh" "COMPILER=arm-none-eabi-gcc" "ASSEMBLER=arm-no
ne-eabi-as" "ARCHIVER=arm-none-eabi-ar" "COMPILER_FLAGS=  -O2 -c" "EXTRA_COMPILER_FLAGS=-mcpu=cortex-a9 -mfpu=vfpv3 -mfloat-abi
=hard -nostartfiles -g -Wall -Wextra"

Running Make include in ps7_cortexa9_0/libsrc/devcfg_v3_7/src

make -C ps7_cortexa9_0/libsrc/devcfg_v3_7/src -s include  "SHELL=/bin/sh" "COMPILER=arm-none-eabi-gcc" "ASSEMBLER=arm-none-eabi
-as" "ARCHIVER=arm-none-eabi-ar" "COMPILER_FLAGS=  -O2 -c" "EXTRA_COMPILER_FLAGS=-mcpu=cortex-a9 -mfpu=vfpv3 -mfloat-abi=hard -
nostartfiles -g -Wall -Wextra"

Running Make include in ps7_cortexa9_0/libsrc/scuwdt_v2_3/src

make -C ps7_cortexa9_0/libsrc/scuwdt_v2_3/src -s include  "SHELL=/bin/sh" "COMPILER=arm-none-eabi-gcc" "ASSEMBLER=arm-none-eabi
-as" "ARCHIVER=arm-none-eabi-ar" "COMPILER_FLAGS=  -O2 -c" "EXTRA_COMPILER_FLAGS=-mcpu=cortex-a9 -mfpu=vfpv3 -mfloat-abi=hard -
nostartfiles -g -Wall -Wextra"

Running Make include in ps7_cortexa9_0/libsrc/xilrsa_v1_6/src

make -C ps7_cortexa9_0/libsrc/xilrsa_v1_6/src -s include  "SHELL=/bin/sh" "COMPILER=arm-none-eabi-gcc" "ASSEMBLER=arm-none-eabi
-as" "ARCHIVER=arm-none-eabi-ar" "COMPILER_FLAGS=  -O2 -c" "EXTRA_COMPILER_FLAGS=-mcpu=cortex-a9 -mfpu=vfpv3 -mfloat-abi=hard -
nostartfiles -g -Wall -Wextra"

Running Make include in ps7_cortexa9_0/libsrc/scutimer_v2_3/src

make -C ps7_cortexa9_0/libsrc/scutimer_v2_3/src -s include  "SHELL=/bin/sh" "COMPILER=arm-none-eabi-gcc" "ASSEMBLER=arm-none-ea
bi-as" "ARCHIVER=arm-none-eabi-ar" "COMPILER_FLAGS=  -O2 -c" "EXTRA_COMPILER_FLAGS=-mcpu=cortex-a9 -mfpu=vfpv3 -mfloat-abi=hard
 -nostartfiles -g -Wall -Wextra"

Running Make include in ps7_cortexa9_0/libsrc/xadcps_v2_5/src

make -C ps7_cortexa9_0/libsrc/xadcps_v2_5/src -s include  "SHELL=/bin/sh" "COMPILER=arm-none-eabi-gcc" "ASSEMBLER=arm-none-eabi
-as" "ARCHIVER=arm-none-eabi-ar" "COMPILER_FLAGS=  -O2 -c" "EXTRA_COMPILER_FLAGS=-mcpu=cortex-a9 -mfpu=vfpv3 -mfloat-abi=hard -
nostartfiles -g -Wall -Wextra"

Running Make include in ps7_cortexa9_0/libsrc/axicdma_v4_8/src

make -C ps7_cortexa9_0/libsrc/axicdma_v4_8/src -s include  "SHELL=/bin/sh" "COMPILER=arm-none-eabi-gcc" "ASSEMBLER=arm-none-eab
i-as" "ARCHIVER=arm-none-eabi-ar" "COMPILER_FLAGS=  -O2 -c" "EXTRA_COMPILER_FLAGS=-mcpu=cortex-a9 -mfpu=vfpv3 -mfloat-abi=hard 
-nostartfiles -g -Wall -Wextra"

Running Make include in ps7_cortexa9_0/libsrc/coresightps_dcc_v1_8/src

make -C ps7_cortexa9_0/libsrc/coresightps_dcc_v1_8/src -s include  "SHELL=/bin/sh" "COMPILER=arm-none-eabi-gcc" "ASSEMBLER=arm-
none-eabi-as" "ARCHIVER=arm-none-eabi-ar" "COMPILER_FLAGS=  -O2 -c" "EXTRA_COMPILER_FLAGS=-mcpu=cortex-a9 -mfpu=vfpv3 -mfloat-a
bi=hard -nostartfiles -g -Wall -Wextra"

Running Make include in ps7_cortexa9_0/libsrc/sdps_v3_10/src

make -C ps7_cortexa9_0/libsrc/sdps_v3_10/src -s include  "SHELL=/bin/sh" "COMPILER=arm-none-eabi-gcc" "ASSEMBLER=arm-none-eabi-
as" "ARCHIVER=arm-none-eabi-ar" "COMPILER_FLAGS=  -O2 -c" "EXTRA_COMPILER_FLAGS=-mcpu=cortex-a9 -mfpu=vfpv3 -mfloat-abi=hard -n
ostartfiles -g -Wall -Wextra"

Running Make include in ps7_cortexa9_0/libsrc/ddrps_v1_2/src

make -C ps7_cortexa9_0/libsrc/ddrps_v1_2/src -s include  "SHELL=/bin/sh" "COMPILER=arm-none-eabi-gcc" "ASSEMBLER=arm-none-eabi-
as" "ARCHIVER=arm-none-eabi-ar" "COMPILER_FLAGS=  -O2 -c" "EXTRA_COMPILER_FLAGS=-mcpu=cortex-a9 -mfpu=vfpv3 -mfloat-abi=hard -n
ostartfiles -g -Wall -Wextra"

Running Make include in ps7_cortexa9_0/libsrc/uartps_v3_10/src

make -C ps7_cortexa9_0/libsrc/uartps_v3_10/src -s include  "SHELL=/bin/sh" "COMPILER=arm-none-eabi-gcc" "ASSEMBLER=arm-none-eab
i-as" "ARCHIVER=arm-none-eabi-ar" "COMPILER_FLAGS=  -O2 -c" "EXTRA_COMPILER_FLAGS=-mcpu=cortex-a9 -mfpu=vfpv3 -mfloat-abi=hard 
-nostartfiles -g -Wall -Wextra"

Running Make include in ps7_cortexa9_0/libsrc/scugic_v4_3/src

make -C ps7_cortexa9_0/libsrc/scugic_v4_3/src -s include  "SHELL=/bin/sh" "COMPILER=arm-none-eabi-gcc" "ASSEMBLER=arm-none-eabi
-as" "ARCHIVER=arm-none-eabi-ar" "COMPILER_FLAGS=  -O2 -c" "EXTRA_COMPILER_FLAGS=-mcpu=cortex-a9 -mfpu=vfpv3 -mfloat-abi=hard -
nostartfiles -g -Wall -Wextra"

Running Make include in ps7_cortexa9_0/libsrc/dmaps_v2_7/src

make -C ps7_cortexa9_0/libsrc/dmaps_v2_7/src -s include  "SHELL=/bin/sh" "COMPILER=arm-none-eabi-gcc" "ASSEMBLER=arm-none-eabi-
as" "ARCHIVER=arm-none-eabi-ar" "COMPILER_FLAGS=  -O2 -c" "EXTRA_COMPILER_FLAGS=-mcpu=cortex-a9 -mfpu=vfpv3 -mfloat-abi=hard -n
ostartfiles -g -Wall -Wextra"

Running Make libs in ps7_cortexa9_0/libsrc/xilrsa_v1_6/src

make -C ps7_cortexa9_0/libsrc/xilrsa_v1_6/src -s libs  "SHELL=/bin/sh" "COMPILER=arm-none-eabi-gcc" "ASSEMBLER=arm-none-eabi-as
" "ARCHIVER=arm-none-eabi-ar" "COMPILER_FLAGS=  -O2 -c" "EXTRA_COMPILER_FLAGS=-mcpu=cortex-a9 -mfpu=vfpv3 -mfloat-abi=hard -nos
tartfiles -g -Wall -Wextra"

Finished building libraries sequentially.

make -j --no-print-directory par_libs

Running Make include in ps7_cortexa9_0/libsrc/gpiops_v3_8/src

Running Make include in ps7_cortexa9_0/libsrc/xilffs_v4_4/src

make -C ps7_cortexa9_0/libsrc/gpiops_v3_8/src -s include  "SHELL=/bin/sh" "COMPILER=arm-none-eabi-gcc" "ASSEMBLER=arm-none-eabi
-as" "ARCHIVER=arm-none-eabi-ar" "COMPILER_FLAGS=  -O2 -c" "EXTRA_COMPILER_FLAGS=-mcpu=cortex-a9 -mfpu=vfpv3 -mfloat-abi=hard -
nostartfiles -g -Wall -Wextra"

make -C ps7_cortexa9_0/libsrc/xilffs_v4_4/src -s include  "SHELL=/bin/sh" "COMPILER=arm-none-eabi-gcc" "ASSEMBLER=arm-none-eabi
-as" "ARCHIVER=arm-none-eabi-ar" "COMPILER_FLAGS=  -O2 -c" "EXTRA_COMPILER_FLAGS=-mcpu=cortex-a9 -mfpu=vfpv3 -mfloat-abi=hard -
nostartfiles -g -Wall -Wextra"

Running Make include in ps7_cortexa9_0/libsrc/standalone_v7_3/src

make -C ps7_cortexa9_0/libsrc/standalone_v7_3/src -s include  "SHELL=/bin/sh" "COMPILER=arm-none-eabi-gcc" "ASSEMBLER=arm-none-
eabi-as" "ARCHIVER=arm-none-eabi-ar" "COMPILER_FLAGS=  -O2 -c" "EXTRA_COMPILER_FLAGS=-mcpu=cortex-a9 -mfpu=vfpv3 -mfloat-abi=ha
rd -nostartfiles -g -Wall -Wextra"

Running Make include in ps7_cortexa9_0/libsrc/emacps_v3_12/src

make -C ps7_cortexa9_0/libsrc/emacps_v3_12/src -s include  "SHELL=/bin/sh" "COMPILER=arm-none-eabi-gcc" "ASSEMBLER=arm-none-eab
i-as" "ARCHIVER=arm-none-eabi-ar" "COMPILER_FLAGS=  -O2 -c" "EXTRA_COMPILER_FLAGS=-mcpu=cortex-a9 -mfpu=vfpv3 -mfloat-abi=hard 
-nostartfiles -g -Wall -Wextra"

Running Make include in ps7_cortexa9_0/libsrc/usbps_v2_6/src

make -C ps7_cortexa9_0/libsrc/usbps_v2_6/src -s include  "SHELL=/bin/sh" "COMPILER=arm-none-eabi-gcc" "ASSEMBLER=arm-none-eabi-
as" "ARCHIVER=arm-none-eabi-ar" "COMPILER_FLAGS=  -O2 -c" "EXTRA_COMPILER_FLAGS=-mcpu=cortex-a9 -mfpu=vfpv3 -mfloat-abi=hard -n
ostartfiles -g -Wall -Wextra"

Running Make include in ps7_cortexa9_0/libsrc/cpu_cortexa9_v2_10/src

make -C ps7_cortexa9_0/libsrc/cpu_cortexa9_v2_10/src -s include  "SHELL=/bin/sh" "COMPILER=arm-none-eabi-gcc" "ASSEMBLER=arm-no
ne-eabi-as" "ARCHIVER=arm-none-eabi-ar" "COMPILER_FLAGS=  -O2 -c" "EXTRA_COMPILER_FLAGS=-mcpu=cortex-a9 -mfpu=vfpv3 -mfloat-abi
=hard -nostartfiles -g -Wall -Wextra"

Running Make include in ps7_cortexa9_0/libsrc/devcfg_v3_7/src

make -C ps7_cortexa9_0/libsrc/devcfg_v3_7/src -s include  "SHELL=/bin/sh" "COMPILER=arm-none-eabi-gcc" "ASSEMBLER=arm-none-eabi
-as" "ARCHIVER=arm-none-eabi-ar" "COMPILER_FLAGS=  -O2 -c" "EXTRA_COMPILER_FLAGS=-mcpu=cortex-a9 -mfpu=vfpv3 -mfloat-abi=hard -
nostartfiles -g -Wall -Wextra"

Running Make include in ps7_cortexa9_0/libsrc/scuwdt_v2_3/src

Running Make include in ps7_cortexa9_0/libsrc/xilrsa_v1_6/src

make -C ps7_cortexa9_0/libsrc/scuwdt_v2_3/src -s include  "SHELL=/bin/sh" "COMPILER=arm-none-eabi-gcc" "ASSEMBLER=arm-none-eabi
-as" "ARCHIVER=arm-none-eabi-ar" "COMPILER_FLAGS=  -O2 -c" "EXTRA_COMPILER_FLAGS=-mcpu=cortex-a9 -mfpu=vfpv3 -mfloat-abi=hard -
nostartfiles -g -Wall -Wextra"

make -C ps7_cortexa9_0/libsrc/xilrsa_v1_6/src -s include  "SHELL=/bin/sh" "COMPILER=arm-none-eabi-gcc" "ASSEMBLER=arm-none-eabi
-as" "ARCHIVER=arm-none-eabi-ar" "COMPILER_FLAGS=  -O2 -c" "EXTRA_COMPILER_FLAGS=-mcpu=cortex-a9 -mfpu=vfpv3 -mfloat-abi=hard -
nostartfiles -g -Wall -Wextra"

Running Make include in ps7_cortexa9_0/libsrc/scutimer_v2_3/src

make -C ps7_cortexa9_0/libsrc/scutimer_v2_3/src -s include  "SHELL=/bin/sh" "COMPILER=arm-none-eabi-gcc" "ASSEMBLER=arm-none-ea
bi-as" "ARCHIVER=arm-none-eabi-ar" "COMPILER_FLAGS=  -O2 -c" "EXTRA_COMPILER_FLAGS=-mcpu=cortex-a9 -mfpu=vfpv3 -mfloat-abi=hard
 -nostartfiles -g -Wall -Wextra"

Running Make include in ps7_cortexa9_0/libsrc/xadcps_v2_5/src

make -C ps7_cortexa9_0/libsrc/xadcps_v2_5/src -s include  "SHELL=/bin/sh" "COMPILER=arm-none-eabi-gcc" "ASSEMBLER=arm-none-eabi
-as" "ARCHIVER=arm-none-eabi-ar" "COMPILER_FLAGS=  -O2 -c" "EXTRA_COMPILER_FLAGS=-mcpu=cortex-a9 -mfpu=vfpv3 -mfloat-abi=hard -
nostartfiles -g -Wall -Wextra"

Running Make include in ps7_cortexa9_0/libsrc/axicdma_v4_8/src

make -C ps7_cortexa9_0/libsrc/axicdma_v4_8/src -s include  "SHELL=/bin/sh" "COMPILER=arm-none-eabi-gcc" "ASSEMBLER=arm-none-eab
i-as" "ARCHIVER=arm-none-eabi-ar" "COMPILER_FLAGS=  -O2 -c" "EXTRA_COMPILER_FLAGS=-mcpu=cortex-a9 -mfpu=vfpv3 -mfloat-abi=hard 
-nostartfiles -g -Wall -Wextra"

Running Make include in ps7_cortexa9_0/libsrc/coresightps_dcc_v1_8/src

make -C ps7_cortexa9_0/libsrc/coresightps_dcc_v1_8/src -s include  "SHELL=/bin/sh" "COMPILER=arm-none-eabi-gcc" "ASSEMBLER=arm-
none-eabi-as" "ARCHIVER=arm-none-eabi-ar" "COMPILER_FLAGS=  -O2 -c" "EXTRA_COMPILER_FLAGS=-mcpu=cortex-a9 -mfpu=vfpv3 -mfloat-a
bi=hard -nostartfiles -g -Wall -Wextra"

Running Make include in ps7_cortexa9_0/libsrc/sdps_v3_10/src

make -C ps7_cortexa9_0/libsrc/sdps_v3_10/src -s include  "SHELL=/bin/sh" "COMPILER=arm-none-eabi-gcc" "ASSEMBLER=arm-none-eabi-
as" "ARCHIVER=arm-none-eabi-ar" "COMPILER_FLAGS=  -O2 -c" "EXTRA_COMPILER_FLAGS=-mcpu=cortex-a9 -mfpu=vfpv3 -mfloat-abi=hard -n
ostartfiles -g -Wall -Wextra"

Running Make include in ps7_cortexa9_0/libsrc/ddrps_v1_2/src

Running Make include in ps7_cortexa9_0/libsrc/uartps_v3_10/src

Running Make include in ps7_cortexa9_0/libsrc/scugic_v4_3/src

Running Make include in ps7_cortexa9_0/libsrc/dmaps_v2_7/src

make -C ps7_cortexa9_0/libsrc/ddrps_v1_2/src -s include  "SHELL=/bin/sh" "COMPILER=arm-none-eabi-gcc" "ASSEMBLER=arm-none-eabi-
as" "ARCHIVER=arm-none-eabi-ar" "COMPILER_FLAGS=  -O2 -c" "EXTRA_COMPILER_FLAGS=-mcpu=cortex-a9 -mfpu=vfpv3 -mfloat-abi=hard -n
ostartfiles -g -Wall -Wextra"

make -C ps7_cortexa9_0/libsrc/uartps_v3_10/src -s include  "SHELL=/bin/sh" "COMPILER=arm-none-eabi-gcc" "ASSEMBLER=arm-none-eab
i-as" "ARCHIVER=arm-none-eabi-ar" "COMPILER_FLAGS=  -O2 -c" "EXTRA_COMPILER_FLAGS=-mcpu=cortex-a9 -mfpu=vfpv3 -mfloat-abi=hard 
-nostartfiles -g -Wall -Wextra"

make -C ps7_cortexa9_0/libsrc/scugic_v4_3/src -s include  "SHELL=/bin/sh" "COMPILER=arm-none-eabi-gcc" "ASSEMBLER=arm-none-eabi
-as" "ARCHIVER=arm-none-eabi-ar" "COMPILER_FLAGS=  -O2 -c" "EXTRA_COMPILER_FLAGS=-mcpu=cortex-a9 -mfpu=vfpv3 -mfloat-abi=hard -
nostartfiles -g -Wall -Wextra"

make -C ps7_cortexa9_0/libsrc/dmaps_v2_7/src -s include  "SHELL=/bin/sh" "COMPILER=arm-none-eabi-gcc" "ASSEMBLER=arm-none-eabi-
as" "ARCHIVER=arm-none-eabi-ar" "COMPILER_FLAGS=  -O2 -c" "EXTRA_COMPILER_FLAGS=-mcpu=cortex-a9 -mfpu=vfpv3 -mfloat-abi=hard -n
ostartfiles -g -Wall -Wextra"

Running Make libs in ps7_cortexa9_0/libsrc/gpiops_v3_8/src

make -C ps7_cortexa9_0/libsrc/gpiops_v3_8/src -s libs  "SHELL=/bin/sh" "COMPILER=arm-none-eabi-gcc" "ASSEMBLER=arm-none-eabi-as
" "ARCHIVER=arm-none-eabi-ar" "COMPILER_FLAGS=  -O2 -c" "EXTRA_COMPILER_FLAGS=-mcpu=cortex-a9 -mfpu=vfpv3 -mfloat-abi=hard -nos
tartfiles -g -Wall -Wextra"

Running Make libs in ps7_cortexa9_0/libsrc/xilffs_v4_4/src

Running Make libs in ps7_cortexa9_0/libsrc/standalone_v7_3/src

make -C ps7_cortexa9_0/libsrc/xilffs_v4_4/src -s libs  "SHELL=/bin/sh" "COMPILER=arm-none-eabi-gcc" "ASSEMBLER=arm-none-eabi-as
" "ARCHIVER=arm-none-eabi-ar" "COMPILER_FLAGS=  -O2 -c" "EXTRA_COMPILER_FLAGS=-mcpu=cortex-a9 -mfpu=vfpv3 -mfloat-abi=hard -nos
tartfiles -g -Wall -Wextra"

Running Make libs in ps7_cortexa9_0/libsrc/emacps_v3_12/src

make -C ps7_cortexa9_0/libsrc/standalone_v7_3/src -s libs  "SHELL=/bin/sh" "COMPILER=arm-none-eabi-gcc" "ASSEMBLER=arm-none-eab
i-as" "ARCHIVER=arm-none-eabi-ar" "COMPILER_FLAGS=  -O2 -c" "EXTRA_COMPILER_FLAGS=-mcpu=cortex-a9 -mfpu=vfpv3 -mfloat-abi=hard 
-nostartfiles -g -Wall -Wextra"

Running Make libs in ps7_cortexa9_0/libsrc/usbps_v2_6/src

Running Make libs in ps7_cortexa9_0/libsrc/cpu_cortexa9_v2_10/src

Running Make libs in ps7_cortexa9_0/libsrc/devcfg_v3_7/src

make -C ps7_cortexa9_0/libsrc/emacps_v3_12/src -s libs  "SHELL=/bin/sh" "COMPILER=arm-none-eabi-gcc" "ASSEMBLER=arm-none-eabi-a
s" "ARCHIVER=arm-none-eabi-ar" "COMPILER_FLAGS=  -O2 -c" "EXTRA_COMPILER_FLAGS=-mcpu=cortex-a9 -mfpu=vfpv3 -mfloat-abi=hard -no
startfiles -g -Wall -Wextra"

make -C ps7_cortexa9_0/libsrc/usbps_v2_6/src -s libs  "SHELL=/bin/sh" "COMPILER=arm-none-eabi-gcc" "ASSEMBLER=arm-none-eabi-as"
 "ARCHIVER=arm-none-eabi-ar" "COMPILER_FLAGS=  -O2 -c" "EXTRA_COMPILER_FLAGS=-mcpu=cortex-a9 -mfpu=vfpv3 -mfloat-abi=hard -nost
artfiles -g -Wall -Wextra"

make -C ps7_cortexa9_0/libsrc/cpu_cortexa9_v2_10/src -s libs  "SHELL=/bin/sh" "COMPILER=arm-none-eabi-gcc" "ASSEMBLER=arm-none-
eabi-as" "ARCHIVER=arm-none-eabi-ar" "COMPILER_FLAGS=  -O2 -c" "EXTRA_COMPILER_FLAGS=-mcpu=cortex-a9 -mfpu=vfpv3 -mfloat-abi=ha
rd -nostartfiles -g -Wall -Wextra"

make -C ps7_cortexa9_0/libsrc/devcfg_v3_7/src -s libs  "SHELL=/bin/sh" "COMPILER=arm-none-eabi-gcc" "ASSEMBLER=arm-none-eabi-as
" "ARCHIVER=arm-none-eabi-ar" "COMPILER_FLAGS=  -O2 -c" "EXTRA_COMPILER_FLAGS=-mcpu=cortex-a9 -mfpu=vfpv3 -mfloat-abi=hard -nos
tartfiles -g -Wall -Wextra"

Running Make libs in ps7_cortexa9_0/libsrc/scuwdt_v2_3/src

make -C ps7_cortexa9_0/libsrc/scuwdt_v2_3/src -s libs  "SHELL=/bin/sh" "COMPILER=arm-none-eabi-gcc" "ASSEMBLER=arm-none-eabi-as
" "ARCHIVER=arm-none-eabi-ar" "COMPILER_FLAGS=  -O2 -c" "EXTRA_COMPILER_FLAGS=-mcpu=cortex-a9 -mfpu=vfpv3 -mfloat-abi=hard -nos
tartfiles -g -Wall -Wextra"

Running Make libs in ps7_cortexa9_0/libsrc/scutimer_v2_3/src

make -C ps7_cortexa9_0/libsrc/scutimer_v2_3/src -s libs  "SHELL=/bin/sh" "COMPILER=arm-none-eabi-gcc" "ASSEMBLER=arm-none-eabi-
as" "ARCHIVER=arm-none-eabi-ar" "COMPILER_FLAGS=  -O2 -c" "EXTRA_COMPILER_FLAGS=-mcpu=cortex-a9 -mfpu=vfpv3 -mfloat-abi=hard -n
ostartfiles -g -Wall -Wextra"

Running Make libs in ps7_cortexa9_0/libsrc/xadcps_v2_5/src

make -C ps7_cortexa9_0/libsrc/xadcps_v2_5/src -s libs  "SHELL=/bin/sh" "COMPILER=arm-none-eabi-gcc" "ASSEMBLER=arm-none-eabi-as
" "ARCHIVER=arm-none-eabi-ar" "COMPILER_FLAGS=  -O2 -c" "EXTRA_COMPILER_FLAGS=-mcpu=cortex-a9 -mfpu=vfpv3 -mfloat-abi=hard -nos
tartfiles -g -Wall -Wextra"

Running Make libs in ps7_cortexa9_0/libsrc/axicdma_v4_8/src

make -C ps7_cortexa9_0/libsrc/axicdma_v4_8/src -s libs  "SHELL=/bin/sh" "COMPILER=arm-none-eabi-gcc" "ASSEMBLER=arm-none-eabi-a
s" "ARCHIVER=arm-none-eabi-ar" "COMPILER_FLAGS=  -O2 -c" "EXTRA_COMPILER_FLAGS=-mcpu=cortex-a9 -mfpu=vfpv3 -mfloat-abi=hard -no
startfiles -g -Wall -Wextra"

Running Make libs in ps7_cortexa9_0/libsrc/coresightps_dcc_v1_8/src

make -C ps7_cortexa9_0/libsrc/coresightps_dcc_v1_8/src -s libs  "SHELL=/bin/sh" "COMPILER=arm-none-eabi-gcc" "ASSEMBLER=arm-non
e-eabi-as" "ARCHIVER=arm-none-eabi-ar" "COMPILER_FLAGS=  -O2 -c" "EXTRA_COMPILER_FLAGS=-mcpu=cortex-a9 -mfpu=vfpv3 -mfloat-abi=
hard -nostartfiles -g -Wall -Wextra"

Running Make libs in ps7_cortexa9_0/libsrc/sdps_v3_10/src

make -C ps7_cortexa9_0/libsrc/sdps_v3_10/src -s libs  "SHELL=/bin/sh" "COMPILER=arm-none-eabi-gcc" "ASSEMBLER=arm-none-eabi-as"
 "ARCHIVER=arm-none-eabi-ar" "COMPILER_FLAGS=  -O2 -c" "EXTRA_COMPILER_FLAGS=-mcpu=cortex-a9 -mfpu=vfpv3 -mfloat-abi=hard -nost
artfiles -g -Wall -Wextra"

Running Make libs in ps7_cortexa9_0/libsrc/ddrps_v1_2/src

make -C ps7_cortexa9_0/libsrc/ddrps_v1_2/src -s libs  "SHELL=/bin/sh" "COMPILER=arm-none-eabi-gcc" "ASSEMBLER=arm-none-eabi-as"
 "ARCHIVER=arm-none-eabi-ar" "COMPILER_FLAGS=  -O2 -c" "EXTRA_COMPILER_FLAGS=-mcpu=cortex-a9 -mfpu=vfpv3 -mfloat-abi=hard -nost
artfiles -g -Wall -Wextra"

Running Make libs in ps7_cortexa9_0/libsrc/uartps_v3_10/src

make -C ps7_cortexa9_0/libsrc/uartps_v3_10/src -s libs  "SHELL=/bin/sh" "COMPILER=arm-none-eabi-gcc" "ASSEMBLER=arm-none-eabi-a
s" "ARCHIVER=arm-none-eabi-ar" "COMPILER_FLAGS=  -O2 -c" "EXTRA_COMPILER_FLAGS=-mcpu=cortex-a9 -mfpu=vfpv3 -mfloat-abi=hard -no
startfiles -g -Wall -Wextra"

Running Make libs in ps7_cortexa9_0/libsrc/scugic_v4_3/src

make -C ps7_cortexa9_0/libsrc/scugic_v4_3/src -s libs  "SHELL=/bin/sh" "COMPILER=arm-none-eabi-gcc" "ASSEMBLER=arm-none-eabi-as
" "ARCHIVER=arm-none-eabi-ar" "COMPILER_FLAGS=  -O2 -c" "EXTRA_COMPILER_FLAGS=-mcpu=cortex-a9 -mfpu=vfpv3 -mfloat-abi=hard -nos
tartfiles -g -Wall -Wextra"

In file included from xtime_l.c:27:
xtime_l.h:65:9: note: #pragma message: For the sleep routines, Global timer is being used
   65 | #pragma message ("For the sleep routines, Global timer is being used")
      |         ^~~~~~~
Running Make libs in ps7_cortexa9_0/libsrc/dmaps_v2_7/src

make -C ps7_cortexa9_0/libsrc/dmaps_v2_7/src -s libs  "SHELL=/bin/sh" "COMPILER=arm-none-eabi-gcc" "ASSEMBLER=arm-none-eabi-as"
 "ARCHIVER=arm-none-eabi-ar" "COMPILER_FLAGS=  -O2 -c" "EXTRA_COMPILER_FLAGS=-mcpu=cortex-a9 -mfpu=vfpv3 -mfloat-abi=hard -nost
artfiles -g -Wall -Wextra"

In file included from sleep.c:31:
xtime_l.h:65:9: note: #pragma message: For the sleep routines, Global timer is being used
   65 | #pragma message ("For the sleep routines, Global timer is being used")
      |         ^~~~~~~
In file included from usleep.c:34:
xtime_l.h:65:9: note: #pragma message: For the sleep routines, Global timer is being used
   65 | #pragma message ("For the sleep routines, Global timer is being used")
      |         ^~~~~~~
In file included from xil_sleeptimer.c:32:
xtime_l.h:65:9: note: #pragma message: For the sleep routines, Global timer is being used
   65 | #pragma message ("For the sleep routines, Global timer is being used")
      |         ^~~~~~~
Finished building libraries parallelly.

make --no-print-directory archive

arm-none-eabi-ar -r  ps7_cortexa9_0/lib/libxil.a ps7_cortexa9_0/lib/xil_testmem.o ps7_cortexa9_0/lib/xemacps_hw.o ps7_cortexa9_
0/lib/xscuwdt_selftest.o ps7_cortexa9_0/lib/outbyte.o ps7_cortexa9_0/lib/xgpiops_hw.o ps7_cortexa9_0/lib/read.o ps7_cortexa9_0/
lib/xadcps_intr.o ps7_cortexa9_0/lib/xuartps_hw.o ps7_cortexa9_0/lib/xuartps_selftest.o ps7_cortexa9_0/lib/fcntl.o ps7_cortexa9
_0/lib/xuartps_sinit.o ps7_cortexa9_0/lib/xscugic_sinit.o ps7_cortexa9_0/lib/xgpiops_intr.o ps7_cortexa9_0/lib/xdmaps_hw.o ps7_
cortexa9_0/lib/xadcps.o ps7_cortexa9_0/lib/xscugic_g.o ps7_cortexa9_0/lib/xil_printf.o ps7_cortexa9_0/lib/abort.o ps7_cortexa9_
0/lib/xil_sleepcommon.o ps7_cortexa9_0/lib/usleep.o ps7_cortexa9_0/lib/xsdps_sinit.o ps7_cortexa9_0/lib/xcoresightpsdcc.o ps7_c
ortexa9_0/lib/xpm_counter.o ps7_cortexa9_0/lib/xemacps_control.o ps7_cortexa9_0/lib/xaxicdma_intr.o ps7_cortexa9_0/lib/xemacps_
bdring.o ps7_cortexa9_0/lib/boot.o ps7_cortexa9_0/lib/open.o ps7_cortexa9_0/lib/xusbps_hw.o ps7_cortexa9_0/lib/xl2cc_counter.o 
ps7_cortexa9_0/lib/xscuwdt.o ps7_cortexa9_0/lib/xgpiops_selftest.o ps7_cortexa9_0/lib/xusbps_g.o ps7_cortexa9_0/lib/xusbps_sini
t.o ps7_cortexa9_0/lib/xaxicdma_sinit.o ps7_cortexa9_0/lib/xsdps.o ps7_cortexa9_0/lib/xgpiops_g.o ps7_cortexa9_0/lib/xil_assert
.o ps7_cortexa9_0/lib/xgpiops.o ps7_cortexa9_0/lib/lseek.o ps7_cortexa9_0/lib/xil_misc_psreset_api.o ps7_cortexa9_0/lib/xscutim
er_selftest.o ps7_cortexa9_0/lib/xdmaps_selftest.o ps7_cortexa9_0/lib/xil_mmu.o ps7_cortexa9_0/lib/inbyte.o ps7_cortexa9_0/lib/
xil_util.o ps7_cortexa9_0/lib/xil_cache.o ps7_cortexa9_0/lib/xscutimer_sinit.o ps7_cortexa9_0/lib/xdmaps_sinit.o ps7_cortexa9_0
/opt/Xilinx/Vitis/2020.2/gnu/aarch32/lin/gcc-arm-none-eabi/bin/../x86_64-oesdk-linux/usr/bin/arm-xilinx-eabi/arm-xilinx-eabi-ar.real: creating ps7_cortexa9_0/lib/libxil.a
/lib/xscuwdt_sinit.o ps7_cortexa9_0/lib/xsdps_options.o ps7_cortexa9_0/lib/xscugic_intr.o ps7_cortexa9_0/lib/xil_sleeptimer.o p
s7_cortexa9_0/lib/xdevcfg.o ps7_cortexa9_0/lib/xdevcfg_hw.o ps7_cortexa9_0/lib/xusbps_endpoint.o ps7_cortexa9_0/lib/xil_testio.
o ps7_cortexa9_0/lib/xdmaps_g.o ps7_cortexa9_0/lib/_exit.o ps7_cortexa9_0/lib/print.o ps7_cortexa9_0/lib/errno.o ps7_cortexa9_0
/lib/xplatform_info.o ps7_cortexa9_0/lib/kill.o ps7_cortexa9_0/lib/xadcps_selftest.o ps7_cortexa9_0/lib/close.o ps7_cortexa9_0/
lib/xil_mem.o ps7_cortexa9_0/lib/putnum.o ps7_cortexa9_0/lib/cpputest_time.o ps7_cortexa9_0/lib/sleep.o ps7_cortexa9_0/lib/xscu
gic_selftest.o ps7_cortexa9_0/lib/xadcps_g.o ps7_cortexa9_0/lib/xuartps.o ps7_cortexa9_0/lib/xaxicdma_bdring.o ps7_cortexa9_0/l
ib/xscugic_hw.o ps7_cortexa9_0/lib/xadcps_sinit.o ps7_cortexa9_0/lib/isatty.o ps7_cortexa9_0/lib/xaxicdma_bd.o ps7_cortexa9_0/l
ib/xsdps_host.o ps7_cortexa9_0/lib/xscutimer_g.o ps7_cortexa9_0/lib/xscugic.o ps7_cortexa9_0/lib/xusbps_intr.o ps7_cortexa9_0/l
ib/xil-crt0.o ps7_cortexa9_0/lib/xemacps_intr.o ps7_cortexa9_0/lib/cpu_init.o ps7_cortexa9_0/lib/xil_clocking.o ps7_cortexa9_0/
lib/_open.o ps7_cortexa9_0/lib/xscutimer.o ps7_cortexa9_0/lib/write.o ps7_cortexa9_0/lib/xscuwdt_g.o ps7_cortexa9_0/lib/xil_exc
eption.o ps7_cortexa9_0/lib/vectors.o ps7_cortexa9_0/lib/xsdps_g.o ps7_cortexa9_0/lib/xuartps_options.o ps7_cortexa9_0/lib/unli
nk.o ps7_cortexa9_0/lib/xsdps_card.o ps7_cortexa9_0/lib/xemacps.o ps7_cortexa9_0/lib/fstat.o ps7_cortexa9_0/lib/xusbps.o ps7_co
rtexa9_0/lib/sbrk.o ps7_cortexa9_0/lib/xemacps_sinit.o ps7_cortexa9_0/lib/_sbrk.o ps7_cortexa9_0/lib/xaxicdma_g.o ps7_cortexa9_
0/lib/xaxicdma.o ps7_cortexa9_0/lib/xdevcfg_selftest.o ps7_cortexa9_0/lib/xgpiops_sinit.o ps7_cortexa9_0/lib/xdmaps.o ps7_corte
xa9_0/lib/xdevcfg_sinit.o ps7_cortexa9_0/lib/translation_table.o ps7_cortexa9_0/lib/xil_testcache.o ps7_cortexa9_0/lib/getpid.o
 ps7_cortexa9_0/lib/xuartps_intr.o ps7_cortexa9_0/lib/xdevcfg_g.o ps7_cortexa9_0/lib/xemacps_g.o ps7_cortexa9_0/lib/xdevcfg_int
r.o ps7_cortexa9_0/lib/asm_vectors.o ps7_cortexa9_0/lib/xuartps_g.o ps7_cortexa9_0/lib/xtime_l.o

Finished building libraries

make: Leaving directory '/home/rom41797/Documents/Project/CDMA_simple_polling_DDR/vitis/dma_demo_wrapper/zynq_fsbl/zynq_fsbl_bs
p'

arm-none-eabi-gcc -MMD -MP       -mcpu=cortex-a9 -mfpu=vfpv3 -mfloat-abi=hard   -O2 -c -c pcap.c -o pcap.o -Izynq_fsbl_bsp/ps7_
cortexa9_0/include -I.

In file included from pcap.c:78:
zynq_fsbl_bsp/ps7_cortexa9_0/include/xtime_l.h:65:9: note: #pragma message: For the sleep routines, Global timer is being used
   65 | #pragma message ("For the sleep routines, Global timer is being used")
      |         ^~~~~~~
arm-none-eabi-gcc -MMD -MP       -mcpu=cortex-a9 -mfpu=vfpv3 -mfloat-abi=hard   -O2 -c -c nand.c -o nand.o -Izynq_fsbl_bsp/ps7_
cortexa9_0/include -I.

arm-none-eabi-gcc -MMD -MP       -mcpu=cortex-a9 -mfpu=vfpv3 -mfloat-abi=hard   -O2 -c -c qspi.c -o qspi.o -Izynq_fsbl_bsp/ps7_
cortexa9_0/include -I.

arm-none-eabi-gcc -MMD -MP       -mcpu=cortex-a9 -mfpu=vfpv3 -mfloat-abi=hard   -O2 -c -c rsa.c -o rsa.o -Izynq_fsbl_bsp/ps7_co
rtexa9_0/include -I.

arm-none-eabi-gcc -MMD -MP       -mcpu=cortex-a9 -mfpu=vfpv3 -mfloat-abi=hard   -O2 -c -c main.c -o main.o -Izynq_fsbl_bsp/ps7_
cortexa9_0/include -I.

In file included from main.c:115:
zynq_fsbl_bsp/ps7_cortexa9_0/include/xtime_l.h:65:9: note: #pragma message: For the sleep routines, Global timer is being used
   65 | #pragma message ("For the sleep routines, Global timer is being used")
      |         ^~~~~~~
arm-none-eabi-gcc -MMD -MP       -mcpu=cortex-a9 -mfpu=vfpv3 -mfloat-abi=hard   -O2 -c -c fsbl_hooks.c -o fsbl_hooks.o -Izynq_f
sbl_bsp/ps7_cortexa9_0/include -I.

arm-none-eabi-gcc -MMD -MP       -mcpu=cortex-a9 -mfpu=vfpv3 -mfloat-abi=hard   -O2 -c -c md5.c -o md5.o -Izynq_fsbl_bsp/ps7_co
rtexa9_0/include -I.

arm-none-eabi-gcc -MMD -MP       -mcpu=cortex-a9 -mfpu=vfpv3 -mfloat-abi=hard   -O2 -c -c image_mover.c -o image_mover.o -Izynq
_fsbl_bsp/ps7_cortexa9_0/include -I.

arm-none-eabi-gcc -MMD -MP       -mcpu=cortex-a9 -mfpu=vfpv3 -mfloat-abi=hard   -O2 -c -c ps7_init.c -o ps7_init.o -Izynq_fsbl_
bsp/ps7_cortexa9_0/include -I.

arm-none-eabi-gcc -MMD -MP       -mcpu=cortex-a9 -mfpu=vfpv3 -mfloat-abi=hard   -O2 -c -c nor.c -o nor.o -Izynq_fsbl_bsp/ps7_co
rtexa9_0/include -I.

arm-none-eabi-gcc -MMD -MP       -mcpu=cortex-a9 -mfpu=vfpv3 -mfloat-abi=hard   -O2 -c -c sd.c -o sd.o -Izynq_fsbl_bsp/ps7_cort
exa9_0/include -I.

arm-none-eabi-gcc -MMD -MP       -mcpu=cortex-a9 -mfpu=vfpv3 -mfloat-abi=hard   -O2 -c -c fsbl_handoff.S -o fsbl_handoff.o -Izy
nq_fsbl_bsp/ps7_cortexa9_0/include -I.

arm-none-eabi-gcc -o fsbl.elf  pcap.o  nand.o  qspi.o  rsa.o  main.o  fsbl_hooks.o  md5.o  image_mover.o  ps7_init.o  nor.o  sd
.o  fsbl_handoff.o  -MMD -MP       -mcpu=cortex-a9 -mfpu=vfpv3 -mfloat-abi=hard   -mcpu=cortex-a9 -mfpu=vfpv3 -mfloat-abi=hard 
-Wl,-build-id=none -specs=Xilinx.spec  -lrsa -Wl,--start-group,-lxil,-lgcc,-lc,--end-group -Wl,--start-group,-lxilffs,-lxil,-lg
cc,-lc,--end-group -Wl,--start-group,-lrsa,-lxil,-lgcc,-lc,--end-group                                  -Wl,--gc-sections -Lzyn
q_fsbl_bsp/ps7_cortexa9_0/lib -L./ -Tlscript.ld

Building the BSP Library for domain  - standalone_ps7_cortexa9_0 on processor ps7_cortexa9_0
make --no-print-directory seq_libs

Finished building libraries sequentially.

make -j --no-print-directory par_libs

Running Make include in ps7_cortexa9_0/libsrc/gpiops_v3_8/src

make -C ps7_cortexa9_0/libsrc/gpiops_v3_8/src -s include  "SHELL=/bin/sh" "COMPILER=arm-none-eabi-gcc" "ASSEMBLER=arm-none-eabi
-as" "ARCHIVER=arm-none-eabi-ar" "COMPILER_FLAGS=  -O2 -c" "EXTRA_COMPILER_FLAGS=-mcpu=cortex-a9 -mfpu=vfpv3 -mfloat-abi=hard -
nostartfiles -g -Wall -Wextra"

Running Make include in ps7_cortexa9_0/libsrc/standalone_v7_3/src

Running Make include in ps7_cortexa9_0/libsrc/emacps_v3_12/src

Running Make include in ps7_cortexa9_0/libsrc/usbps_v2_6/src

Running Make include in ps7_cortexa9_0/libsrc/cpu_cortexa9_v2_10/src

make -C ps7_cortexa9_0/libsrc/standalone_v7_3/src -s include  "SHELL=/bin/sh" "COMPILER=arm-none-eabi-gcc" "ASSEMBLER=arm-none-
eabi-as" "ARCHIVER=arm-none-eabi-ar" "COMPILER_FLAGS=  -O2 -c" "EXTRA_COMPILER_FLAGS=-mcpu=cortex-a9 -mfpu=vfpv3 -mfloat-abi=ha
rd -nostartfiles -g -Wall -Wextra"

make -C ps7_cortexa9_0/libsrc/emacps_v3_12/src -s include  "SHELL=/bin/sh" "COMPILER=arm-none-eabi-gcc" "ASSEMBLER=arm-none-eab
i-as" "ARCHIVER=arm-none-eabi-ar" "COMPILER_FLAGS=  -O2 -c" "EXTRA_COMPILER_FLAGS=-mcpu=cortex-a9 -mfpu=vfpv3 -mfloat-abi=hard 
-nostartfiles -g -Wall -Wextra"

make -C ps7_cortexa9_0/libsrc/usbps_v2_6/src -s include  "SHELL=/bin/sh" "COMPILER=arm-none-eabi-gcc" "ASSEMBLER=arm-none-eabi-
as" "ARCHIVER=arm-none-eabi-ar" "COMPILER_FLAGS=  -O2 -c" "EXTRA_COMPILER_FLAGS=-mcpu=cortex-a9 -mfpu=vfpv3 -mfloat-abi=hard -n
ostartfiles -g -Wall -Wextra"

make -C ps7_cortexa9_0/libsrc/cpu_cortexa9_v2_10/src -s include  "SHELL=/bin/sh" "COMPILER=arm-none-eabi-gcc" "ASSEMBLER=arm-no
ne-eabi-as" "ARCHIVER=arm-none-eabi-ar" "COMPILER_FLAGS=  -O2 -c" "EXTRA_COMPILER_FLAGS=-mcpu=cortex-a9 -mfpu=vfpv3 -mfloat-abi
=hard -nostartfiles -g -Wall -Wextra"

Running Make include in ps7_cortexa9_0/libsrc/devcfg_v3_7/src

make -C ps7_cortexa9_0/libsrc/devcfg_v3_7/src -s include  "SHELL=/bin/sh" "COMPILER=arm-none-eabi-gcc" "ASSEMBLER=arm-none-eabi
-as" "ARCHIVER=arm-none-eabi-ar" "COMPILER_FLAGS=  -O2 -c" "EXTRA_COMPILER_FLAGS=-mcpu=cortex-a9 -mfpu=vfpv3 -mfloat-abi=hard -
nostartfiles -g -Wall -Wextra"

Running Make include in ps7_cortexa9_0/libsrc/scuwdt_v2_3/src

make -C ps7_cortexa9_0/libsrc/scuwdt_v2_3/src -s include  "SHELL=/bin/sh" "COMPILER=arm-none-eabi-gcc" "ASSEMBLER=arm-none-eabi
-as" "ARCHIVER=arm-none-eabi-ar" "COMPILER_FLAGS=  -O2 -c" "EXTRA_COMPILER_FLAGS=-mcpu=cortex-a9 -mfpu=vfpv3 -mfloat-abi=hard -
nostartfiles -g -Wall -Wextra"

Running Make include in ps7_cortexa9_0/libsrc/scutimer_v2_3/src

Running Make include in ps7_cortexa9_0/libsrc/xadcps_v2_5/src

make -C ps7_cortexa9_0/libsrc/scutimer_v2_3/src -s include  "SHELL=/bin/sh" "COMPILER=arm-none-eabi-gcc" "ASSEMBLER=arm-none-ea
bi-as" "ARCHIVER=arm-none-eabi-ar" "COMPILER_FLAGS=  -O2 -c" "EXTRA_COMPILER_FLAGS=-mcpu=cortex-a9 -mfpu=vfpv3 -mfloat-abi=hard
 -nostartfiles -g -Wall -Wextra"

Running Make include in ps7_cortexa9_0/libsrc/axicdma_v4_8/src

make -C ps7_cortexa9_0/libsrc/xadcps_v2_5/src -s include  "SHELL=/bin/sh" "COMPILER=arm-none-eabi-gcc" "ASSEMBLER=arm-none-eabi
-as" "ARCHIVER=arm-none-eabi-ar" "COMPILER_FLAGS=  -O2 -c" "EXTRA_COMPILER_FLAGS=-mcpu=cortex-a9 -mfpu=vfpv3 -mfloat-abi=hard -
nostartfiles -g -Wall -Wextra"

make -C ps7_cortexa9_0/libsrc/axicdma_v4_8/src -s include  "SHELL=/bin/sh" "COMPILER=arm-none-eabi-gcc" "ASSEMBLER=arm-none-eab
i-as" "ARCHIVER=arm-none-eabi-ar" "COMPILER_FLAGS=  -O2 -c" "EXTRA_COMPILER_FLAGS=-mcpu=cortex-a9 -mfpu=vfpv3 -mfloat-abi=hard 
-nostartfiles -g -Wall -Wextra"

Running Make include in ps7_cortexa9_0/libsrc/coresightps_dcc_v1_8/src

make -C ps7_cortexa9_0/libsrc/coresightps_dcc_v1_8/src -s include  "SHELL=/bin/sh" "COMPILER=arm-none-eabi-gcc" "ASSEMBLER=arm-
none-eabi-as" "ARCHIVER=arm-none-eabi-ar" "COMPILER_FLAGS=  -O2 -c" "EXTRA_COMPILER_FLAGS=-mcpu=cortex-a9 -mfpu=vfpv3 -mfloat-a
bi=hard -nostartfiles -g -Wall -Wextra"

Running Make include in ps7_cortexa9_0/libsrc/sdps_v3_10/src

make -C ps7_cortexa9_0/libsrc/sdps_v3_10/src -s include  "SHELL=/bin/sh" "COMPILER=arm-none-eabi-gcc" "ASSEMBLER=arm-none-eabi-
as" "ARCHIVER=arm-none-eabi-ar" "COMPILER_FLAGS=  -O2 -c" "EXTRA_COMPILER_FLAGS=-mcpu=cortex-a9 -mfpu=vfpv3 -mfloat-abi=hard -n
ostartfiles -g -Wall -Wextra"

Running Make include in ps7_cortexa9_0/libsrc/ddrps_v1_2/src

make -C ps7_cortexa9_0/libsrc/ddrps_v1_2/src -s include  "SHELL=/bin/sh" "COMPILER=arm-none-eabi-gcc" "ASSEMBLER=arm-none-eabi-
as" "ARCHIVER=arm-none-eabi-ar" "COMPILER_FLAGS=  -O2 -c" "EXTRA_COMPILER_FLAGS=-mcpu=cortex-a9 -mfpu=vfpv3 -mfloat-abi=hard -n
ostartfiles -g -Wall -Wextra"

Running Make include in ps7_cortexa9_0/libsrc/uartps_v3_10/src

make -C ps7_cortexa9_0/libsrc/uartps_v3_10/src -s include  "SHELL=/bin/sh" "COMPILER=arm-none-eabi-gcc" "ASSEMBLER=arm-none-eab
i-as" "ARCHIVER=arm-none-eabi-ar" "COMPILER_FLAGS=  -O2 -c" "EXTRA_COMPILER_FLAGS=-mcpu=cortex-a9 -mfpu=vfpv3 -mfloat-abi=hard 
-nostartfiles -g -Wall -Wextra"

Running Make include in ps7_cortexa9_0/libsrc/scugic_v4_3/src

make -C ps7_cortexa9_0/libsrc/scugic_v4_3/src -s include  "SHELL=/bin/sh" "COMPILER=arm-none-eabi-gcc" "ASSEMBLER=arm-none-eabi
-as" "ARCHIVER=arm-none-eabi-ar" "COMPILER_FLAGS=  -O2 -c" "EXTRA_COMPILER_FLAGS=-mcpu=cortex-a9 -mfpu=vfpv3 -mfloat-abi=hard -
nostartfiles -g -Wall -Wextra"

Running Make include in ps7_cortexa9_0/libsrc/dmaps_v2_7/src

make -C ps7_cortexa9_0/libsrc/dmaps_v2_7/src -s include  "SHELL=/bin/sh" "COMPILER=arm-none-eabi-gcc" "ASSEMBLER=arm-none-eabi-
as" "ARCHIVER=arm-none-eabi-ar" "COMPILER_FLAGS=  -O2 -c" "EXTRA_COMPILER_FLAGS=-mcpu=cortex-a9 -mfpu=vfpv3 -mfloat-abi=hard -n
ostartfiles -g -Wall -Wextra"

Running Make libs in ps7_cortexa9_0/libsrc/gpiops_v3_8/src

make -C ps7_cortexa9_0/libsrc/gpiops_v3_8/src -s libs  "SHELL=/bin/sh" "COMPILER=arm-none-eabi-gcc" "ASSEMBLER=arm-none-eabi-as
" "ARCHIVER=arm-none-eabi-ar" "COMPILER_FLAGS=  -O2 -c" "EXTRA_COMPILER_FLAGS=-mcpu=cortex-a9 -mfpu=vfpv3 -mfloat-abi=hard -nos
tartfiles -g -Wall -Wextra"

Running Make libs in ps7_cortexa9_0/libsrc/standalone_v7_3/src

make -C ps7_cortexa9_0/libsrc/standalone_v7_3/src -s libs  "SHELL=/bin/sh" "COMPILER=arm-none-eabi-gcc" "ASSEMBLER=arm-none-eab
i-as" "ARCHIVER=arm-none-eabi-ar" "COMPILER_FLAGS=  -O2 -c" "EXTRA_COMPILER_FLAGS=-mcpu=cortex-a9 -mfpu=vfpv3 -mfloat-abi=hard 
-nostartfiles -g -Wall -Wextra"

Running Make libs in ps7_cortexa9_0/libsrc/emacps_v3_12/src

Running Make libs in ps7_cortexa9_0/libsrc/usbps_v2_6/src

Running Make libs in ps7_cortexa9_0/libsrc/cpu_cortexa9_v2_10/src

make -C ps7_cortexa9_0/libsrc/emacps_v3_12/src -s libs  "SHELL=/bin/sh" "COMPILER=arm-none-eabi-gcc" "ASSEMBLER=arm-none-eabi-a
s" "ARCHIVER=arm-none-eabi-ar" "COMPILER_FLAGS=  -O2 -c" "EXTRA_COMPILER_FLAGS=-mcpu=cortex-a9 -mfpu=vfpv3 -mfloat-abi=hard -no
startfiles -g -Wall -Wextra"

Running Make libs in ps7_cortexa9_0/libsrc/devcfg_v3_7/src

make -C ps7_cortexa9_0/libsrc/usbps_v2_6/src -s libs  "SHELL=/bin/sh" "COMPILER=arm-none-eabi-gcc" "ASSEMBLER=arm-none-eabi-as"
 "ARCHIVER=arm-none-eabi-ar" "COMPILER_FLAGS=  -O2 -c" "EXTRA_COMPILER_FLAGS=-mcpu=cortex-a9 -mfpu=vfpv3 -mfloat-abi=hard -nost
artfiles -g -Wall -Wextra"

make -C ps7_cortexa9_0/libsrc/cpu_cortexa9_v2_10/src -s libs  "SHELL=/bin/sh" "COMPILER=arm-none-eabi-gcc" "ASSEMBLER=arm-none-
eabi-as" "ARCHIVER=arm-none-eabi-ar" "COMPILER_FLAGS=  -O2 -c" "EXTRA_COMPILER_FLAGS=-mcpu=cortex-a9 -mfpu=vfpv3 -mfloat-abi=ha
rd -nostartfiles -g -Wall -Wextra"

make -C ps7_cortexa9_0/libsrc/devcfg_v3_7/src -s libs  "SHELL=/bin/sh" "COMPILER=arm-none-eabi-gcc" "ASSEMBLER=arm-none-eabi-as
" "ARCHIVER=arm-none-eabi-ar" "COMPILER_FLAGS=  -O2 -c" "EXTRA_COMPILER_FLAGS=-mcpu=cortex-a9 -mfpu=vfpv3 -mfloat-abi=hard -nos
tartfiles -g -Wall -Wextra"

Running Make libs in ps7_cortexa9_0/libsrc/scutimer_v2_3/src

Running Make libs in ps7_cortexa9_0/libsrc/xadcps_v2_5/src

Running Make libs in ps7_cortexa9_0/libsrc/scuwdt_v2_3/src

make -C ps7_cortexa9_0/libsrc/scuwdt_v2_3/src -s libs  "SHELL=/bin/sh" "COMPILER=arm-none-eabi-gcc" "ASSEMBLER=arm-none-eabi-as
" "ARCHIVER=arm-none-eabi-ar" "COMPILER_FLAGS=  -O2 -c" "EXTRA_COMPILER_FLAGS=-mcpu=cortex-a9 -mfpu=vfpv3 -mfloat-abi=hard -nos
tartfiles -g -Wall -Wextra"

make -C ps7_cortexa9_0/libsrc/scutimer_v2_3/src -s libs  "SHELL=/bin/sh" "COMPILER=arm-none-eabi-gcc" "ASSEMBLER=arm-none-eabi-
as" "ARCHIVER=arm-none-eabi-ar" "COMPILER_FLAGS=  -O2 -c" "EXTRA_COMPILER_FLAGS=-mcpu=cortex-a9 -mfpu=vfpv3 -mfloat-abi=hard -n
ostartfiles -g -Wall -Wextra"

make -C ps7_cortexa9_0/libsrc/xadcps_v2_5/src -s libs  "SHELL=/bin/sh" "COMPILER=arm-none-eabi-gcc" "ASSEMBLER=arm-none-eabi-as
" "ARCHIVER=arm-none-eabi-ar" "COMPILER_FLAGS=  -O2 -c" "EXTRA_COMPILER_FLAGS=-mcpu=cortex-a9 -mfpu=vfpv3 -mfloat-abi=hard -nos
tartfiles -g -Wall -Wextra"

Running Make libs in ps7_cortexa9_0/libsrc/axicdma_v4_8/src

make -C ps7_cortexa9_0/libsrc/axicdma_v4_8/src -s libs  "SHELL=/bin/sh" "COMPILER=arm-none-eabi-gcc" "ASSEMBLER=arm-none-eabi-a
s" "ARCHIVER=arm-none-eabi-ar" "COMPILER_FLAGS=  -O2 -c" "EXTRA_COMPILER_FLAGS=-mcpu=cortex-a9 -mfpu=vfpv3 -mfloat-abi=hard -no
startfiles -g -Wall -Wextra"

Running Make libs in ps7_cortexa9_0/libsrc/coresightps_dcc_v1_8/src

make -C ps7_cortexa9_0/libsrc/coresightps_dcc_v1_8/src -s libs  "SHELL=/bin/sh" "COMPILER=arm-none-eabi-gcc" "ASSEMBLER=arm-non
e-eabi-as" "ARCHIVER=arm-none-eabi-ar" "COMPILER_FLAGS=  -O2 -c" "EXTRA_COMPILER_FLAGS=-mcpu=cortex-a9 -mfpu=vfpv3 -mfloat-abi=
hard -nostartfiles -g -Wall -Wextra"

Running Make libs in ps7_cortexa9_0/libsrc/sdps_v3_10/src

Running Make libs in ps7_cortexa9_0/libsrc/ddrps_v1_2/src

make -C ps7_cortexa9_0/libsrc/sdps_v3_10/src -s libs  "SHELL=/bin/sh" "COMPILER=arm-none-eabi-gcc" "ASSEMBLER=arm-none-eabi-as"
 "ARCHIVER=arm-none-eabi-ar" "COMPILER_FLAGS=  -O2 -c" "EXTRA_COMPILER_FLAGS=-mcpu=cortex-a9 -mfpu=vfpv3 -mfloat-abi=hard -nost
artfiles -g -Wall -Wextra"

Running Make libs in ps7_cortexa9_0/libsrc/uartps_v3_10/src

make -C ps7_cortexa9_0/libsrc/ddrps_v1_2/src -s libs  "SHELL=/bin/sh" "COMPILER=arm-none-eabi-gcc" "ASSEMBLER=arm-none-eabi-as"
 "ARCHIVER=arm-none-eabi-ar" "COMPILER_FLAGS=  -O2 -c" "EXTRA_COMPILER_FLAGS=-mcpu=cortex-a9 -mfpu=vfpv3 -mfloat-abi=hard -nost
artfiles -g -Wall -Wextra"

make -C ps7_cortexa9_0/libsrc/uartps_v3_10/src -s libs  "SHELL=/bin/sh" "COMPILER=arm-none-eabi-gcc" "ASSEMBLER=arm-none-eabi-a
s" "ARCHIVER=arm-none-eabi-ar" "COMPILER_FLAGS=  -O2 -c" "EXTRA_COMPILER_FLAGS=-mcpu=cortex-a9 -mfpu=vfpv3 -mfloat-abi=hard -no
startfiles -g -Wall -Wextra"

In file included from sleep.c:31:
xtime_l.h:65:9: note: #pragma message: For the sleep routines, Global timer is being used
   65 | #pragma message ("For the sleep routines, Global timer is being used")
      |         ^~~~~~~
Running Make libs in ps7_cortexa9_0/libsrc/scugic_v4_3/src

make -C ps7_cortexa9_0/libsrc/scugic_v4_3/src -s libs  "SHELL=/bin/sh" "COMPILER=arm-none-eabi-gcc" "ASSEMBLER=arm-none-eabi-as
" "ARCHIVER=arm-none-eabi-ar" "COMPILER_FLAGS=  -O2 -c" "EXTRA_COMPILER_FLAGS=-mcpu=cortex-a9 -mfpu=vfpv3 -mfloat-abi=hard -nos
tartfiles -g -Wall -Wextra"

Running Make libs in ps7_cortexa9_0/libsrc/dmaps_v2_7/src

make -C ps7_cortexa9_0/libsrc/dmaps_v2_7/src -s libs  "SHELL=/bin/sh" "COMPILER=arm-none-eabi-gcc" "ASSEMBLER=arm-none-eabi-as"
 "ARCHIVER=arm-none-eabi-ar" "COMPILER_FLAGS=  -O2 -c" "EXTRA_COMPILER_FLAGS=-mcpu=cortex-a9 -mfpu=vfpv3 -mfloat-abi=hard -nost
artfiles -g -Wall -Wextra"

In file included from xtime_l.c:27:
xtime_l.h:65:9: note: #pragma message: For the sleep routines, Global timer is being used
   65 | #pragma message ("For the sleep routines, Global timer is being used")
      |         ^~~~~~~
In file included from usleep.c:34:
xtime_l.h:65:9: note: #pragma message: For the sleep routines, Global timer is being used
   65 | #pragma message ("For the sleep routines, Global timer is being used")
      |         ^~~~~~~
In file included from xil_sleeptimer.c:32:
xtime_l.h:65:9: note: #pragma message: For the sleep routines, Global timer is being used
   65 | #pragma message ("For the sleep routines, Global timer is being used")
      |         ^~~~~~~
Finished building libraries parallelly.

make --no-print-directory archive

arm-none-eabi-ar -r  ps7_cortexa9_0/lib/libxil.a ps7_cortexa9_0/lib/xscuwdt_selftest.o ps7_cortexa9_0/lib/outbyte.o ps7_cortexa
9_0/lib/xgpiops_hw.o ps7_cortexa9_0/lib/read.o ps7_cortexa9_0/lib/xadcps_intr.o ps7_cortexa9_0/lib/xuartps_hw.o ps7_cortexa9_0/
lib/xuartps_selftest.o ps7_cortexa9_0/lib/fcntl.o ps7_cortexa9_0/lib/xuartps_sinit.o ps7_cortexa9_0/lib/xscugic_sinit.o ps7_cor
texa9_0/lib/xusbps_intr.o ps7_cortexa9_0/lib/xdmaps_hw.o ps7_cortexa9_0/lib/xadcps.o ps7_cortexa9_0/lib/xscugic_g.o ps7_cortexa
9_0/lib/xil_printf.o ps7_cortexa9_0/lib/abort.o ps7_cortexa9_0/lib/xil_sleepcommon.o ps7_cortexa9_0/lib/usleep.o ps7_cortexa9_0
/lib/xsdps_sinit.o ps7_cortexa9_0/lib/xcoresightpsdcc.o ps7_cortexa9_0/lib/xpm_counter.o ps7_cortexa9_0/lib/xemacps_control.o p
s7_cortexa9_0/lib/xaxicdma_intr.o ps7_cortexa9_0/lib/xemacps_bdring.o ps7_cortexa9_0/lib/boot.o ps7_cortexa9_0/lib/write.o ps7_
cortexa9_0/lib/open.o ps7_cortexa9_0/lib/xusbps_hw.o ps7_cortexa9_0/lib/xl2cc_counter.o ps7_cortexa9_0/lib/xscuwdt.o ps7_cortex
a9_0/lib/xgpiops_selftest.o ps7_cortexa9_0/lib/xusbps_g.o ps7_cortexa9_0/lib/xusbps_sinit.o ps7_cortexa9_0/lib/xgpiops_intr.o p
s7_cortexa9_0/lib/xsdps.o ps7_cortexa9_0/lib/xgpiops_g.o ps7_cortexa9_0/lib/xil_assert.o ps7_cortexa9_0/lib/xgpiops.o ps7_corte
xa9_0/lib/lseek.o ps7_cortexa9_0/lib/xil_misc_psreset_api.o ps7_cortexa9_0/lib/xscutimer_selftest.o ps7_cortexa9_0/lib/xdmaps_s
elftest.o ps7_cortexa9_0/lib/xil_mmu.o ps7_cortexa9_0/lib/inbyte.o ps7_cortexa9_0/lib/xil_util.o ps7_cortexa9_0/lib/xil_cache.o
 ps7_cortexa9_0/lib/xscutimer_sinit.o ps7_cortexa9_0/lib/xdmaps_sinit.o ps7_cortexa9_0/lib/xscutimer_g.o ps7_cortexa9_0/lib/xsc
uwdt_sinit.o ps7_cortexa9_0/lib/xsdps_options.o ps7_cortexa9_0/lib/xscugic_intr.o ps7_cortexa9_0/lib/xil_sleeptimer.o ps7_corte
xa9_0/lib/xdevcfg.o ps7_cortexa9_0/lib/xdevcfg_hw.o ps7_cortexa9_0/lib/xusbps_endpoint.o ps7_cortexa9_0/lib/xil_testio.o ps7_co
rtexa9_0/lib/xdmaps_g.o ps7_cortexa9_0/lib/_exit.o ps7_cortexa9_0/lib/print.o ps7_cortexa9_0/lib/errno.o ps7_cortexa9_0/lib/xpl
atform_info.o ps7_cortexa9_0/lib/kill.o ps7_cortexa9_0/lib/xadcps_selftest.o ps7_cortexa9_0/lib/close.o ps7_cortexa9_0/lib/xil_
mem.o ps7_cortexa9_0/lib/putnum.o ps7_cortexa9_0/lib/cpputest_time.o ps7_cortexa9_0/lib/sleep.o ps7_cortexa9_0/lib/xscugic_self
test.o ps7_cortexa9_0/lib/xadcps_g.o ps7_cortexa9_0/lib/xuartps.o ps7_cortexa9_0/lib/xaxicdma_bdring.o ps7_cortexa9_0/lib/xscug
ic_hw.o ps7_cortexa9_0/lib/xadcps_sinit.o ps7_cortexa9_0/lib/isatty.o ps7_cortexa9_0/lib/xaxicdma_bd.o ps7_cortexa9_0/lib/xsdps
_host.o ps7_cortexa9_0/lib/xscugic.o ps7_cortexa9_0/lib/xil-crt0.o ps7_cortexa9_0/lib/xemacps_intr.o ps7_cortexa9_0/lib/cpu_ini
t.o ps7_cortexa9_0/lib/xil_clocking.o ps7_cortexa9_0/lib/_open.o ps7_cortexa9_0/lib/xscutimer.o ps7_cortexa9_0/lib/xscuwdt_g.o 
ps7_cortexa9_0/lib/xaxicdma_sinit.o ps7_cortexa9_0/lib/xil_exception.o ps7_cortexa9_0/lib/vectors.o ps7_cortexa9_0/lib/xsdps_g.
o ps7_cortexa9_0/lib/xuartps_options.o ps7_cortexa9_0/lib/unlink.o ps7_cortexa9_0/lib/xsdps_card.o ps7_cortexa9_0/lib/xemacps.o
 ps7_cortexa9_0/lib/fstat.o ps7_cortexa9_0/lib/xusbps.o ps7_cortexa9_0/lib/sbrk.o ps7_cortexa9_0/lib/xemacps_sinit.o ps7_cortex
a9_0/lib/_sbrk.o ps7_cortexa9_0/lib/xaxicdma_g.o ps7_cortexa9_0/lib/xaxicdma.o ps7_cortexa9_0/lib/xdevcfg_selftest.o ps7_cortex
a9_0/lib/xgpiops_sinit.o ps7_cortexa9_0/lib/xdmaps.o ps7_cortexa9_0/lib/xdevcfg_sinit.o ps7_cortexa9_0/lib/translation_table.o 
ps7_cortexa9_0/lib/xil_testcache.o ps7_cortexa9_0/lib/getpid.o ps7_cortexa9_0/lib/xuartps_intr.o ps7_cortexa9_0/lib/xdevcfg_g.o
 ps7_cortexa9_0/lib/xemacps_g.o ps7_cortexa9_0/lib/xdevcfg_intr.o ps7_cortexa9_0/lib/asm_vectors.o ps7_cortexa9_0/lib/xuartps_g
.o ps7_cortexa9_0/lib/xtime_l.o ps7_cortexa9_0/lib/xil_testmem.o ps7_cortexa9_0/lib/xemacps_hw.o

Finished building libraries

/opt/Xilinx/Vitis/2020.2/gnu/aarch32/lin/gcc-arm-none-eabi/bin/../x86_64-oesdk-linux/usr/bin/arm-xilinx-eabi/arm-xilinx-eabi-ar.real: creating ps7_cortexa9_0/lib/libxil.a
14:24:16 **** Build of configuration Debug for project app ****
make all 
make --no-print-directory pre-build
a9-linaro-pre-build-step
 
make --no-print-directory main-build
Building file: ../src/cdma_simple_polling_DDR.c
Invoking: ARM v7 gcc compiler
arm-none-eabi-gcc -Wall -O0 -g3 -c -fmessage-length=0 -MT"src/cdma_simple_polling_DDR.o" -mcpu=cortex-a9 -mfpu=vfpv3 -mfloat-abi=hard -I/home/rom41797/Documents/Project/CDMA_simple_polling/vitis/dma_demo_wrapper/export/dma_demo_wrapper/sw/dma_demo_wrapper/standalone_ps7_cortexa9_0/bspinclude/include -MMD -MP -MF"src/cdma_simple_polling_DDR.d" -MT"src/cdma_simple_polling_DDR.o" -o "src/cdma_simple_polling_DDR.o" "../src/cdma_simple_polling_DDR.c"
Finished building: ../src/cdma_simple_polling_DDR.c
 
Building file: ../src/platform.c
Invoking: ARM v7 gcc compiler
arm-none-eabi-gcc -Wall -O0 -g3 -c -fmessage-length=0 -MT"src/platform.o" -mcpu=cortex-a9 -mfpu=vfpv3 -mfloat-abi=hard -I/home/rom41797/Documents/Project/CDMA_simple_polling/vitis/dma_demo_wrapper/export/dma_demo_wrapper/sw/dma_demo_wrapper/standalone_ps7_cortexa9_0/bspinclude/include -MMD -MP -MF"src/platform.d" -MT"src/platform.o" -o "src/platform.o" "../src/platform.c"
Finished building: ../src/platform.c
 
Building target: app.elf
Invoking: ARM v7 gcc linker
arm-none-eabi-gcc -mcpu=cortex-a9 -mfpu=vfpv3 -mfloat-abi=hard -Wl,-build-id=none -specs=Xilinx.spec -Wl,-T -Wl,../src/lscript.ld -L/home/rom41797/Documents/Project/CDMA_simple_polling/vitis/dma_demo_wrapper/export/dma_demo_wrapper/sw/dma_demo_wrapper/standalone_ps7_cortexa9_0/bsplib/lib -o "app.elf"  ./src/cdma_simple_polling_DDR.o ./src/platform.o   -Wl,--start-group,-lxil,-lgcc,-lc,--end-group
Finished building target: app.elf
 
Invoking: ARM v7 Print Size
arm-none-eabi-size app.elf  |tee "app.elf.size"
   text	   data	    bss	    dec	    hex	filename
  31496	   1168	  23088	  55752	   d9c8	app.elf
Finished building: app.elf.size
 
