20:26:57 **** Build of configuration Debug for project app ****
make all 
make --no-print-directory pre-build
a9-linaro-pre-build-step
 
make --no-print-directory main-build
Building file: ../src/platform.c
Invoking: ARM v7 gcc compiler
arm-none-eabi-gcc -Wall -O0 -g3 -c -fmessage-length=0 -MT"src/platform.o" -mcpu=cortex-a9 -mfpu=vfpv3 -mfloat-abi=hard -I/home/rom41797/Documents/Project/VDMA_selftest/vitis/dma_demo_wrapper/export/dma_demo_wrapper/sw/dma_demo_wrapper/standalone_ps7_cortexa9_0/bspinclude/include -MMD -MP -MF"src/platform.d" -MT"src/platform.o" -o "src/platform.o" "../src/platform.c"
Finished building: ../src/platform.c
 
Building file: ../src/xaxivdma_example_selftest.c
Invoking: ARM v7 gcc compiler
arm-none-eabi-gcc -Wall -O0 -g3 -c -fmessage-length=0 -MT"src/xaxivdma_example_selftest.o" -mcpu=cortex-a9 -mfpu=vfpv3 -mfloat-abi=hard -I/home/rom41797/Documents/Project/VDMA_selftest/vitis/dma_demo_wrapper/export/dma_demo_wrapper/sw/dma_demo_wrapper/standalone_ps7_cortexa9_0/bspinclude/include -MMD -MP -MF"src/xaxivdma_example_selftest.d" -MT"src/xaxivdma_example_selftest.o" -o "src/xaxivdma_example_selftest.o" "../src/xaxivdma_example_selftest.c"
Finished building: ../src/xaxivdma_example_selftest.c
 
Building target: app.elf
Invoking: ARM v7 gcc linker
arm-none-eabi-gcc -mcpu=cortex-a9 -mfpu=vfpv3 -mfloat-abi=hard -Wl,-build-id=none -specs=Xilinx.spec -Wl,-T -Wl,../src/lscript.ld -L/home/rom41797/Documents/Project/VDMA_selftest/vitis/dma_demo_wrapper/export/dma_demo_wrapper/sw/dma_demo_wrapper/standalone_ps7_cortexa9_0/bsplib/lib -o "app.elf"  ./src/platform.o ./src/xaxivdma_example_selftest.o   -Wl,--start-group,-lxil,-lgcc,-lc,--end-group
Finished building target: app.elf
 
Invoking: ARM v7 Print Size
arm-none-eabi-size app.elf  |tee "app.elf.size"
   text	   data	    bss	    dec	    hex	filename
  29088	   1272	  25008	  55368	   d848	app.elf
Finished building: app.elf.size
 

20:26:58 Build Finished (took 274ms)

