10:35:03 **** Build of configuration Debug for project app ****
make all 
make --no-print-directory pre-build
a9-linaro-pre-build-step
 
make --no-print-directory main-build
Building file: ../src/dma_SG_polling.c
Invoking: ARM v7 gcc compiler
arm-none-eabi-gcc -Wall -O0 -g3 -c -fmessage-length=0 -MT"src/dma_SG_polling.o" -mcpu=cortex-a9 -mfpu=vfpv3 -mfloat-abi=hard -I/home/rom41797/Documents/Project/DMA_SG_polling/vitis/dma_demo_wrapper/export/dma_demo_wrapper/sw/dma_demo_wrapper/standalone_ps7_cortexa9_0/bspinclude/include -MMD -MP -MF"src/dma_SG_polling.d" -MT"src/dma_SG_polling.o" -o "src/dma_SG_polling.o" "../src/dma_SG_polling.c"
../src/dma_SG_polling.c:95:2: warning: #warning CHECK FOR THE VALID DDR ADDRESS IN XPARAMETERS.H, DEFAULT SET TO 0x01000000 [-Wcpp]
   95 | #warning CHECK FOR THE VALID DDR ADDRESS IN XPARAMETERS.H, \
      |  ^~~~~~~
Finished building: ../src/dma_SG_polling.c
 
Building file: ../src/platform.c
Invoking: ARM v7 gcc compiler
arm-none-eabi-gcc -Wall -O0 -g3 -c -fmessage-length=0 -MT"src/platform.o" -mcpu=cortex-a9 -mfpu=vfpv3 -mfloat-abi=hard -I/home/rom41797/Documents/Project/DMA_SG_polling/vitis/dma_demo_wrapper/export/dma_demo_wrapper/sw/dma_demo_wrapper/standalone_ps7_cortexa9_0/bspinclude/include -MMD -MP -MF"src/platform.d" -MT"src/platform.o" -o "src/platform.o" "../src/platform.c"
Finished building: ../src/platform.c
 
Building target: app.elf
Invoking: ARM v7 gcc linker
arm-none-eabi-gcc -mcpu=cortex-a9 -mfpu=vfpv3 -mfloat-abi=hard -Wl,-build-id=none -specs=Xilinx.spec -Wl,-T -Wl,../src/lscript.ld -L/home/rom41797/Documents/Project/DMA_SG_polling/vitis/dma_demo_wrapper/export/dma_demo_wrapper/sw/dma_demo_wrapper/standalone_ps7_cortexa9_0/bsplib/lib -o "app.elf"  ./src/dma_SG_polling.o ./src/platform.o   -Wl,--start-group,-lxil,-lgcc,-lc,--end-group
Finished building target: app.elf
 
Invoking: ARM v7 Print Size
arm-none-eabi-size app.elf  |tee "app.elf.size"
   text	   data	    bss	    dec	    hex	filename
  37380	   2256	  24504	  64140	   fa8c	app.elf
Finished building: app.elf.size
 

10:35:03 Build Finished (took 214ms)

