10:56:30 **** Incremental Build of configuration Debug for project selftest_phil ****
make all 
make --no-print-directory pre-build
a9-linaro-pre-build-step
 
make --no-print-directory main-build
Building file: ../src/vdma_continuous_to_DDR.c
Invoking: ARM v7 gcc compiler
arm-none-eabi-gcc -Wall -O0 -g3 -c -fmessage-length=0 -MT"src/vdma_continuous_to_DDR.o" -mcpu=cortex-a9 -mfpu=vfpv3 -mfloat-abi=hard -I/home/aup41490/Documents/DMA_git/DMA/VDMA_selftest/vitis2/dma_demo_wrapper/export/dma_demo_wrapper/sw/dma_demo_wrapper/standalone_ps7_cortexa9_0/bspinclude/include -MMD -MP -MF"src/vdma_continuous_to_DDR.d" -MT"src/vdma_continuous_to_DDR.o" -o "src/vdma_continuous_to_DDR.o" "../src/vdma_continuous_to_DDR.c"
Finished building: ../src/vdma_continuous_to_DDR.c
 
Building target: selftest_phil.elf
Invoking: ARM v7 gcc linker
arm-none-eabi-gcc -mcpu=cortex-a9 -mfpu=vfpv3 -mfloat-abi=hard -Wl,-build-id=none -specs=Xilinx.spec -Wl,-T -Wl,../src/lscript.ld -L/home/aup41490/Documents/DMA_git/DMA/VDMA_selftest/vitis2/dma_demo_wrapper/export/dma_demo_wrapper/sw/dma_demo_wrapper/standalone_ps7_cortexa9_0/bsplib/lib -o "selftest_phil.elf"  ./src/platform.o ./src/vdma_continuous_to_DDR.o   -Wl,--start-group,-lxil,-lgcc,-lc,--end-group
Finished building target: selftest_phil.elf
 
Invoking: ARM v7 Print Size
arm-none-eabi-size selftest_phil.elf  |tee "selftest_phil.elf.size"
   text	   data	    bss	    dec	    hex	filename
  29440	   1272	  25008	  55720	   d9a8	selftest_phil.elf
Finished building: selftest_phil.elf.size
 

10:56:30 Build Finished (took 166ms)

